linkerd-viz
-----------
√ linkerd-viz Namespace exists
√ linkerd-viz ClusterRoles exist
√ linkerd-viz ClusterRoleBindings exist
√ tap API server has valid cert
√ tap API server cert is valid for at least 60 days
√ tap API service is running
√ linkerd-viz pods are injected
√ viz extension pods are running
√ viz extension proxies are healthy
‼ viz extension proxies are up-to-date
    {{.ProxyVersionErr}}
    see https://linkerd.io/checks/#l5d-viz-proxy-cp-version for hints
√ viz extension proxies and cli versions match
√ prometheus is installed and configured correctly
√ can initialize the client
√ viz extension self-check

Status check results are √
