kubernetes-api: can initialize the client..................................[ok]
kubernetes-api: can query the Kubernetes API...............................[ok]
kubernetes-version: is running the minimum Kubernetes API version..........[ok]
kubernetes-cluster-setup: control plane namespace does not already exist...[ok]
kubernetes-cluster-setup: can create Namespaces............................[ok]
kubernetes-cluster-setup: can create ClusterRoles..........................[ok]
kubernetes-cluster-setup: can create ClusterRoleBindings...................[ok]
kubernetes-cluster-setup: can create CustomResourceDefinitions.............[ok]
kubernetes-setup: can create ServiceAccounts...............................[ok]
kubernetes-setup: can create Services......................................[ok]
kubernetes-setup: can create Deployments...................................[ok]
kubernetes-setup: can create ConfigMaps....................................[ok]
linkerd-version: can determine the latest version..........................[ok]
linkerd-version: cli is up-to-date.........................................[ok]

Status check results are [ok]
