kubernetes-api: can initialize the client..................................[ok]
kubernetes-api: can query the Kubernetes API...............................[ok]
kubernetes-api: is running the minimum Kubernetes API version..............[ok]
kubernetes-setup: control plane namespace does not already exist...........[ok]
kubernetes-setup: can create Namespaces....................................[ok]
kubernetes-setup: can create ClusterRoles..................................[ok]
kubernetes-setup: can create ClusterRoleBindings...........................[ok]
kubernetes-setup: can create ServiceAccounts...............................[ok]
kubernetes-setup: can create Services......................................[ok]
kubernetes-setup: can create Deployments...................................[ok]
kubernetes-setup: can create ConfigMaps....................................[ok]
kubernetes-setup: can create CustomResourceDefinitions.....................[ok]
linkerd-version: can determine the latest version..........................[ok]
linkerd-version: cli is up-to-date.........................................[ok]

Status check results are [ok]
