---
kind: Namespace
apiVersion: v1
metadata:
  name: linkerd-jaeger
  labels:
    linkerd.io/extension: jaeger
  annotations:
    linkerd.io/inject: enabled
    config.linkerd.io/proxy-await: "enabled"
---
###
### Jaeger Injector
###
apiVersion: apps/v1
kind: Deployment
metadata:
  labels:
    linkerd.io/extension: jaeger
    app.kubernetes.io/name: jaeger-injector
    app.kubernetes.io/part-of: Linkerd
    app.kubernetes.io/version: dev-undefined
    component: jaeger-injector
  name: jaeger-injector
  namespace: linkerd-jaeger
spec:
  replicas: 1
  selector:
    matchLabels:
      linkerd.io/extension: jaeger
      component: jaeger-injector
  template:
    metadata:
      annotations:
        checksum/config: 526f4fb77f64bd384cc6913967444c5faec551a8cba1ad2cb87cb77ef767318d
      labels:
        linkerd.io/extension: jaeger
        component: jaeger-injector
    spec:
      nodeSelector:
        beta.kubernetes.io/os: linux
      containers:
      - args:
        - -collector-svc-addr=collector.linkerd-jaeger:55678
        - -collector-svc-account=collector
        - -log-level=info
        image: cr.l5d.io/linkerd/jaeger-webhook:dev-undefined
        imagePullPolicy: IfNotPresent
        livenessProbe:
          httpGet:
            path: /ping
            port: 9995
          initialDelaySeconds: 10
        name: jaeger-injector
        ports:
        - containerPort: 8443
          name: jaeger-injector
        - containerPort: 9995
          name: admin-http
        readinessProbe:
          failureThreshold: 7
          httpGet:
            path: /ready
            port: 9995
        volumeMounts:
        - mountPath: /var/run/linkerd/tls
          name: tls
          readOnly: true
      serviceAccountName: jaeger-injector
      volumes:
      - name: tls
        secret:
          secretName: jaeger-injector-k8s-tls
---
kind: Service
apiVersion: v1
metadata:
  name: jaeger-injector
  namespace: linkerd-jaeger
  labels:
    linkerd.io/extension: jaeger
    component: jaeger-injector
spec:
  type: ClusterIP
  selector:
    linkerd.io/extension: jaeger
    component: jaeger-injector
  ports:
  - name: jaeger-injector
    port: 443
    targetPort: jaeger-injector
---
###
### collector RBAC
###
kind: ServiceAccount
apiVersion: v1
metadata:
  name: collector
  namespace: linkerd-jaeger
---
###
### Jaeger Injector RBAC
###
kind: ClusterRole
apiVersion: rbac.authorization.k8s.io/v1
metadata:
  name: linkerd-jaeger-injector
  labels:
    linkerd.io/extension: jaeger
rules:
- apiGroups: [""]
  resources: ["namespaces"]
  verbs: ["get", "list", "watch"]
---
kind: ClusterRoleBinding
apiVersion: rbac.authorization.k8s.io/v1
metadata:
  name: linkerd-jaeger-injector
  labels:
    linkerd.io/extension: jaeger
subjects:
- kind: ServiceAccount
  name: jaeger-injector
  namespace: linkerd-jaeger
  apiGroup: ""
roleRef:
  kind: ClusterRole
  name: linkerd-jaeger-injector
  apiGroup: rbac.authorization.k8s.io
---
kind: ServiceAccount
apiVersion: v1
metadata:
  name: jaeger-injector
  namespace: linkerd-jaeger
---
kind: Secret
apiVersion: v1
metadata:
  name: jaeger-injector-k8s-tls
  namespace: linkerd-jaeger
type: kubernetes.io/tls
data:
  tls.crt: dGVzdC13ZWJob29rLWNydC1wZW0=
  tls.key: dGVzdC13ZWJoaG9vay1rZXktcGVt
---
apiVersion: admissionregistration.k8s.io/v1
kind: MutatingWebhookConfiguration
metadata:
  name: linkerd-jaeger-injector-webhook-config
  labels:
    linkerd.io/extension: jaeger
webhooks:
- name: jaeger-injector.linkerd.io
  clientConfig:
    service:
      name: jaeger-injector
      namespace: linkerd-jaeger
      path: "/"
    caBundle: dGVzdC13ZWJob29rLWNhLWJ1bmRsZQ==
  failurePolicy: Ignore
  admissionReviewVersions: ["v1", "v1beta1"]
  reinvocationPolicy: IfNeeded
  rules:
  - operations: [ "CREATE" ]
    apiGroups: [""]
    apiVersions: ["v1"]
    resources: ["pods"]
  sideEffects: None
---
apiVersion: rbac.authorization.k8s.io/v1
kind: Role
metadata:
  name: psp
  namespace: linkerd-jaeger
  labels:
    linkerd.io/extension: jaeger
rules:
- apiGroups: ['policy', 'extensions']
  resources: ['podsecuritypolicies']
  verbs: ['use']
  resourceNames:
  - linkerd-linkerd-control-plane
---
apiVersion: rbac.authorization.k8s.io/v1
kind: RoleBinding
metadata:
  name: jaeger-psp
  namespace: linkerd-jaeger
  labels:
    linkerd.io/extension: jaeger
roleRef:
  kind: Role
  name: psp
  apiGroup: rbac.authorization.k8s.io
subjects:
- kind: ServiceAccount
  name: collector
  namespace: linkerd-jaeger
- kind: ServiceAccount
  name: jaeger-injector
  namespace: linkerd-jaeger
---
###
### Tracing Collector Service
###
apiVersion: v1
kind: ConfigMap
metadata:
  name: collector-config
  namespace: linkerd-jaeger
  labels:
    component: collector
data:
  collector-config: |
    receivers:
      opencensus:
        port: 55678
      zipkin:
        port: 9411
      jaeger:
        jaeger-thrift-http-port: 14268
    queued-exporters:
      jaeger-all-in-one:
        num-workers: 4
        queue-size: 100
        retry-on-failure: true
        sender-type: jaeger-thrift-http
        jaeger-thrift-http:
          collector-endpoint: http://jaeger.linkerd-jaeger:14268/api/traces
          timeout: 5s
---
apiVersion: v1
kind: Service
metadata:
  name: collector
  namespace: linkerd-jaeger
  labels:
    component: collector
spec:
  type: ClusterIP
  ports:
  - name: opencensus
    port: 55678
    protocol: TCP
    targetPort: 55678
  - name: zipkin
    port: 9411
    protocol: TCP
    targetPort: 9411
  - name: jaeger
    port: 14268
    protocol: TCP
    targetPort: 14268
  selector:
    component: collector
---
apiVersion: apps/v1
kind: Deployment
metadata:
  labels:
    app.kubernetes.io/name: collector
    app.kubernetes.io/part-of: Linkerd
    component: collector
  name: collector
  namespace: linkerd-jaeger
spec:
  replicas: 1
  selector:
    matchLabels:
      component: collector
  minReadySeconds: 5
  progressDeadlineSeconds: 120
  template:
    metadata:
      annotations:
        prometheus.io/path: /metrics
        prometheus.io/port: "8888"
        prometheus.io/scrape: "true"
      labels:
        component: collector
    spec:
      nodeSelector:
        beta.kubernetes.io/os: linux
      containers:
      - command:
        - /occollector_linux
        - --config=/conf/collector-config.yaml
        env:
        - name: GOGC
          value: "80"
        image: omnition/opencensus-collector:0.1.11
        imagePullPolicy: Always
        livenessProbe:
          httpGet:
            path: /
            port: 13133
        name: oc-collector
        ports:
        - containerPort: 55678
        - containerPort: 9411
        - containerPort: 14268
        - containerPort: 8888
        readinessProbe:
          httpGet:
            path: /
            port: 13133
        volumeMounts:
        - mountPath: /conf
          name: collector-config-val
      serviceAccountName: collector
      volumes:
      - configMap:
          items:
          - key: collector-config
            path: collector-config.yaml
          name: collector-config
        name: collector-config-val
