[
  {
    "namespace": "books",
    "ip": "1.2.3.4",
    "port": 8080,
    "pod": "authors",
    "version": "1234",
    "weight": 1,
    "identity": "authors.books"
  },
  {
    "namespace": "emojivoto",
    "ip": "1.2.3.4",
    "port": 8080,
    "pod": "emoji-svc",
    "version": "1234",
    "weight": 1,
    "identity": "emoji-svc.emojivoto"
  },
  {
    "namespace": "emojivoto",
    "ip": "1.2.3.4",
    "port": 8080,
    "pod": "voting-svc",
    "version": "1234",
    "weight": 1,
    "identity": "voting-svc.emojivoto"
  }
]
